// Jest Snapshot v1, https://goo.gl/fbAQLP

exports[`Form Test correctly validates name 1`] = `<Appointment />`;
